// Jest Snapshot v1, https://goo.gl/fbAQLP

exports[`Purebas en <GiftItem /> debe hacer match con el snaptshot 1`] = `
<div>
  <div
    class="card"
  >
    <img
      alt="Saitama"
      src="https://media.giphy.com/media/l4qR5hjZt8yFv3"
    />
    <p>
      Saitama
    </p>
  </div>
</div>
`;
